Update Log
 
Version 1.1.0 - 09/11/2025
API bump for U48
Code changes to port addon to console
Added a dependency on LibCombatAlerts to handle the tracker positioning.

Version 1.0.12
API bump for U40

Version 1.0.11
API bump for Necrom chapter
 
Version 1.0.10
API bump for Scribes of Fate DLC

Version 1.0.9
API bump for Firesong DLC
 
Version 1.0.8
API bump for Lost Depths DLC
 
Version 1.0.7
API bump for High Isle chapter

Version 1.0.6
Updated to machine-wide settings

Version 1.0.5
Fixed gear check so timer won't show at login if not wearing 3+ pieces

Version 1.0.4
API bump for Ascending Tide

Version 1.0.3
API bump for Deadlands

Version 1.0.2
Re-enabled Gear Check

Version 1.0.1
API bump for Waking Flame DLC
Removed gear check until that can be fixed.

Version 1.0
Initial release