Version: 1.4.0 ---------------
1.APIVersion Up 101036
2.Add Option.


Version: 1.3.0 to 1.3.1 ---------------
1.Chenge Lib. [LibMotif] > [LibCharacterKnowledge]


Version: 1.2.18 ---------------
1.APIVersion Up 101033
2.Add Data.


Version: 1.2.17 ---------------
1.Bug fix
Added description of missing libraries.


Version: 1.2.16 ---------------
1.APIVersion Up 101032
2.Add Data.


Version: 1.2.13 to 1.2.15 ---------------
1.Add Data.
2.APIVersion Up 101031


Version: 1.2.12 ---------------
1.Bug fix
Fixed the display of tooltips.


Version: 1.2.11 ---------------
1.APIVersion Up 100035


Version: 1.2.10 ---------------
1.Add Addon Setting.


Version: 1.2.9 ---------------
1.APIVersion Up 100034


Version: 1.2.8 ---------------
1.APIVersion Up 100033


Version: 1.2.7 ---------------
1.Bug fix
Fixed the display of the context menu.


Version: 1.2.6 ---------------
1.APIVersion Up 100032


Version: 1.2.5 ---------------
1.APIVersion Up 100031


Version: 1.2.3 to 1.2.4 ---------------
1.Use LibSets.


Version: 1.2.2 ---------------
1.Bug fix
Fixed wrong data displayed in ENCHANTING.


Version: 1.2.1 ---------------
1.Use LibCustomMenu.


Version: 1.2.0 ---------------
1.Add new craft set.
2.Add Addon Setting.


Version: 1.1.0 to 1.1.1 ---------------
1.APIVersion Up 100030
2.LibMarify Outside.


Version: 1.0.19 to 1.0.20 ---------------
1.Bug fix
Fixed the item window buttons not displaying correctly.

2.Bug fix
LibMarify Update.


Version: 1.0.18 ---------------
1.Change tooltip display on completion.

2.Bug fix
Witches Festival Writ.

3.Bug fix
Delete unnecessary libraries.


Version: 1.0.15 to 1.0.17 ---------------
1.Update Witches Festival Writ.
2.Bug fix
LibMarify Update.


Version: 1.0.14 ---------------
1.Add new craft set


Version: 1.0.12 to 1.0.13 ---------------
1.Add Witches Festival Writ.


Version: 1.0.10 to 1.0.11 ---------------
1.APIVersion Up 100029


Version: 1.0.9 ---------------
1.Bug fix
LibMarify Update.


Version: 1.0.8 ---------------
1.APIVersion Up 100028


Version: 1.0.7 ---------------
1.Bug fix
LibMarify Update.


Version: 1.0.6 ---------------
1.Added support for AwesomeGuildStore.
2.Add a delay to some processing.


Version: 1.0.5 ---------------
1.APIVersion Up 100027
2.Add new craft set


Version: 1.0.4 ---------------
1.Improved the accuracy of save data.
2.LibAddonMenu-2.0 Update.


Version: 1.0.3 ---------------
1.Added floor mark.
2.Added debug log.


Version: 1.0.2 ---------------
1.Added a delay to avoid conflicts with other add-ons.


Version: 1.0.1 ---------------
1.System bug patch. [GetCraftingSkillLineIndices]


Version: 1.0.0 ---------------
1.Add CreatedMark.


Version: 0.9.14 ---------------
1.Lib3D Up Version: 3.4


Version: 0.9.13 ---------------
1. Bugfix
Fixed a mistake in some styles


Version: 0.9.12 ---------------
1.Bug fix (Japanese localization)
Update keyword.

2.Change save data format.


Version: 0.9.11 ---------------
1.APIVersion Up 100026


Version: 0.9.10 ---------------
1. Bugfix
Fixed that processing in [New Life Charity Writ].


Version: 0.9.9 ---------------
1. Bugfix
Update "Lib3d" to new version.

2.ENCHANTING ... supported.


Version: 0.9.8 ---------------
1.Update LibStub


Version: 0.9.6 to 0.9.7 ---------------
1. Bugfix
Update "Lib3d" to new version.


Version: 0.9.5 ---------------
1. Bugfix
Fixed display of booster Amount.

2. Bugfix
Fixed display of Material.

3. Bugfix
Restore "Lib3d" to an older version.


Version: 0.9.4 ---------------
1. Bugfix
Fixed display of booster Amount.


Version: 0.9.3 ---------------
1.APIVersion Up 100025


Version: 0.9.2 ---------------
1. Add Data


Version: 0.9.1 ---------------
1. Bugfix
that the materials in the craftbag (ESO+ members) are not recognized as available.

2. Bugfix
Unknown style 43:Morag Tong.

3. Add reset button.


Version: 0.9.0 ---------------
1. Start

